cd c:\projects\skillfactory\test

c:\projects\Skillfactory\Test>git status
On branch master
Your branch is up to date with 'origin/master'.

Untracked files:
  (use "git add <file>..." to include in what will be committed)
        Git_comand_cmd.txt

nothing added to commit but untracked files present (use "git add" to track)

c:\projects\Skillfactory\Test>git add Git_comand_cmd.txt

c:\projects\Skillfactory\Test>git commit -m "A new file is added"

c:\projects\Skillfactory\Test>git push